Traceback (most recent call last):
  File "<frozen runpy>", line 198, in _run_module_as_main
  File "<frozen runpy>", line 88, in _run_code
  File "/Users/henrirapson/autosafe-v58/docs/v58/model_programme_2026_08/factory/build.py", line 209, in <module>
    sys.exit(main())
             ^^^^^^
  File "/Users/henrirapson/autosafe-v58/docs/v58/model_programme_2026_08/factory/build.py", line 170, in main
    preflight = factory.preflight(
                ^^^^^^^^^^^^^^^^^^
  File "/Users/henrirapson/autosafe-v58/docs/v58/model_programme_2026_08/factory/emit.py", line 279, in preflight
    unknown = con.execute(atoms.unknown_disposition_sample_sql(
              ^^^^^^^^^^^^^^^^^^^^^^^^^^^^^^^^^^^^^^^^^^^^^^^^^
_duckdb.OutOfMemoryException: Out of Memory Error: failed to offload data block of size 256.0 KiB (5.9 GiB/6.0 GiB used).
This limit was set by the 'max_temp_directory_size' setting.
By default, this setting utilizes the available disk space on the drive where the 'temp_directory' is located.
You can adjust this setting, by using (for example) PRAGMA max_temp_directory_size='10GiB'

Possible solutions:
* Reducing the number of threads (SET threads=X)
* Disabling insertion-order preservation (SET preserve_insertion_order=false)
* Increasing the memory limit (SET memory_limit='...GB')

See also https://duckdb.org/docs/stable/guides/performance/how_to_tune_workloads
